// Jest Snapshot v1, https://goo.gl/fbAQLP

exports[`<Select /> should mach snapshot 1`] = `
.c0 {
  -webkit-text-decoration: none;
  text-decoration: none;
  text-transform: uppercase;
  font-weight: 700;
  color: #212121;
  border: 2px solid #000;
  border-radius: 30px;
  padding: 10px 20px 9px;
  -webkit-transition: .3s linear,color .3s linear;
  transition: .3s linear,color .3s linear;
  -webkit-appearance: none;
  -moz-appearance: none;
  appearance: none;
  -webkit-appearance: none;
  -moz-appearance: none;
  background-image: url('../assets/chevron-down-regular-24.png');
  background-repeat: no-repeat;
  background-position: right center;
  padding-right: 20px;
}

<div>
  <select
    class="c0"
  >
    <option
      value="opcao1"
    >
      Opção 1
    </option>
    <option
      value="opcao2"
    >
      Opção 2
    </option>
    <option
      value="opcao3"
    >
      Opção 3
    </option>
  </select>
</div>
`;
